I'm sorry, but errors were detected in your script. Please correct the
errors listed below, and try again.


File "game/script.rpy", line 112: init statement expects a non-empty block.
    init:
         ^

Ren'Py Version: Ren'Py 8.0.3.22090809
Mon Dec  5 14:04:54 2022
